// Jest Snapshot v1, https://goo.gl/fbAQLP

exports[`SignUp renders successfully 1`] = `
<div>
  <h2>
    Sign up
  </h2>
  <RegistrationFormContainer />
</div>
`;
