// Jest Snapshot v1, https://goo.gl/fbAQLP

exports[`SignIn matches the snapshot 1`] = `
<div>
  <h2>
    Sign in
  </h2>
  <SignInFormContainer />
</div>
`;
