// Jest Snapshot v1, https://goo.gl/fbAQLP

exports[`App renders successfully 1`] = `
<div
  className="container"
>
  <div
    className="welcome"
  >
    Welcome to
    <h1>
      Sana Warnings
    </h1>
  </div>
</div>
`;
